******************************************************************************
                  TI ARM Linker PC v20.2.0                     
******************************************************************************
>> Linked Tue May 19 23:27:56 2020

OUTPUT FILE NAME:   <LAB9_cas17169.out>
ENTRY POINT SYMBOL: "_c_int00_noargs"  address: 00000a91


MEMORY CONFIGURATION

         name            origin    length      used     unused   attr    fill
----------------------  --------  ---------  --------  --------  ----  --------
  FLASH                 00000000   00040000  00000d0c  0003f2f4  R  X
  SRAM                  20000000   00008000  00000205  00007dfb  RW X


SEGMENT ALLOCATION MAP

run origin  load origin   length   init length attrs members
----------  ----------- ---------- ----------- ----- -------
00000000    00000000    00000d10   00000d10    r-x
  00000000    00000000    0000026c   0000026c    r-- .intvecs
  0000026c    0000026c    00000994   00000994    r-x .text
  00000c00    00000c00    000000dc   000000dc    r-- .const
  00000ce0    00000ce0    00000030   00000030    r-- .cinit
20000000    20000000    00000205   00000000    rw-
  20000000    20000000    00000200   00000000    rw- .stack
  20000200    20000200    00000004   00000000    rw- .data
  20000204    20000204    00000001   00000000    rw- .bss


SECTION ALLOCATION MAP

 output                                  attributes/
section   page    origin      length       input sections
--------  ----  ----------  ----------   ----------------
.intvecs   0    00000000    0000026c     
                  00000000    0000026c     tm4c123gh6pm_startup_ccs.obj (.intvecs)

.text      0    0000026c    00000994     
                  0000026c    00000228     LAB9_main.obj (.text)
                  00000494    00000132     driverlib.lib : gpio.obj (.text:GPIOPadConfigSet)
                  000005c6    00000002     --HOLE-- [fill = 0]
                  000005c8    00000110                   : sysctl.obj (.text:SysCtlClockGet)
                  000006d8    000000f4                   : sysctl.obj (.text:SysCtlClockSet)
                  000007cc    0000009c     rtsv7M4_T_le_v4SPD16_eabi.lib : memcpy_t2.asm.obj (.text)
                  00000868    00000068     driverlib.lib : interrupt.obj (.text:IntEnable)
                  000008d0    00000068     rtsv7M4_T_le_v4SPD16_eabi.lib : copy_decompress_lzss.c.obj (.text:decompress:lzss:__TI_decompress_lzss)
                  00000938    00000060     driverlib.lib : timer.obj (.text:TimerConfigure)
                  00000998    00000046                   : uart.obj (.text:UARTConfigSetExpClk)
                  000009de    00000002     --HOLE-- [fill = 0]
                  000009e0    00000044     rtsv7M4_T_le_v4SPD16_eabi.lib : autoinit.c.obj (.text:__TI_auto_init_nobinit_nopinit:__TI_auto_init_nobinit_nopinit)
                  00000a24    00000038     driverlib.lib : sysctl.obj (.text:SysCtlPeripheralReady)
                  00000a5c    00000034                   : sysctl.obj (.text:SysCtlPeripheralEnable)
                  00000a90    00000034     rtsv7M4_T_le_v4SPD16_eabi.lib : boot_cortex_m.c.obj (.text:_c_int00_noargs:_c_int00_noargs)
                  00000ac4    0000002a     driverlib.lib : gpio.obj (.text:GPIODirModeSet)
                  00000aee    00000002     --HOLE-- [fill = 0]
                  00000af0    00000020                   : uart.obj (.text:UARTDisable)
                  00000b10    0000001c     rtsv7M4_T_le_v4SPD16_eabi.lib : copy_zero_init.c.obj (.text:decompress:ZI:__TI_zero_init_nomemset:__TI_zero_init_nomemset)
                  00000b2c    00000018     driverlib.lib : gpio.obj (.text:GPIOPinTypeGPIOOutput)
                  00000b44    00000014                   : uart.obj (.text:UARTEnable)
                  00000b58    00000012                   : gpio.obj (.text:GPIOPinTypeUART)
                  00000b6a    00000012                   : timer.obj (.text:TimerLoadSet)
                  00000b7c    00000010                   : interrupt.obj (.text:IntMasterEnable)
                  00000b8c    0000000e                   : timer.obj (.text:TimerEnable)
                  00000b9a    0000000e     rtsv7M4_T_le_v4SPD16_eabi.lib : copy_decompress_none.c.obj (.text:decompress:none:__TI_decompress_none)
                  00000ba8    0000000c     driverlib.lib : cpu.obj (.text:CPUcpsie)
                  00000bb4    0000000c     tm4c123gh6pm_startup_ccs.obj (.text)
                  00000bc0    0000000a     driverlib.lib : uart.obj (.text:UARTCharGet)
                  00000bca    0000000a                   : uart.obj (.text:UARTCharPut)
                  00000bd4    00000008                   : timer.obj (.text:TimerIntEnable)
                  00000bdc    00000008                   : uart.obj (.text:UARTIntEnable)
                  00000be4    00000006                   : gpio.obj (.text:GPIOPinWrite)
                  00000bea    00000006                   : sysctl.obj (.text:SysCtlDelay)
                  00000bf0    00000004                   : timer.obj (.text:TimerIntClear)
                  00000bf4    00000004                   : uart.obj (.text:UARTIntClear)
                  00000bf8    00000004     rtsv7M4_T_le_v4SPD16_eabi.lib : pre_init.c.obj (.text:_system_pre_init)
                  00000bfc    00000004                                   : exit.c.obj (.text:abort:abort)

.const     0    00000c00    000000dc     
                  00000c00    00000070     driverlib.lib : interrupt.obj (.const)
                  00000c70    0000006c                   : sysctl.obj (.const:g_pui32Xtals)

.cinit     0    00000ce0    00000030     
                  00000ce0    0000000c     (__TI_handler_table)
                  00000cec    00000004     --HOLE-- [fill = 0]
                  00000cf0    00000008     (.cinit..bss.load) [load image, compression = zero_init]
                  00000cf8    00000007     (.cinit..data.load) [load image, compression = lzss]
                  00000cff    00000001     --HOLE-- [fill = 0]
                  00000d00    00000010     (__TI_cinit_table)

.init_array 
*          0    00000000    00000000     UNINITIALIZED

.data      0    20000200    00000004     UNINITIALIZED
                  20000200    00000004     LAB9_main.obj (.data)

.bss       0    20000204    00000001     UNINITIALIZED
                  20000204    00000001     (.common:dato)

.stack     0    20000000    00000200     UNINITIALIZED
                  20000000    00000004     rtsv7M4_T_le_v4SPD16_eabi.lib : boot_cortex_m.c.obj (.stack)
                  20000004    000001fc     --HOLE--

__llvm_prf_cnts 
*          0    20000000    00000000     UNINITIALIZED

MODULE SUMMARY

       Module                         code   ro data   rw data
       ------                         ----   -------   -------
    .\
       tm4c123gh6pm_startup_ccs.obj   12     620       0      
       LAB9_main.obj                  552    0         5      
    +--+------------------------------+------+---------+---------+
       Total:                         564    620       5      
                                                              
    C:/ti/TivaWare_C_Series-2.1.4.178/driverlib/ccs/Debug/driverlib.lib
       sysctl.obj                     630    108       0      
       gpio.obj                       396    0         0      
       interrupt.obj                  120    112       0      
       uart.obj                       154    0         0      
       timer.obj                      140    0         0      
       cpu.obj                        12     0         0      
    +--+------------------------------+------+---------+---------+
       Total:                         1452   220       0      
                                                              
    C:\ti\ccs1000\ccs\tools\compiler\ti-cgt-arm_20.2.0.LTS\lib\rtsv7M4_T_le_v4SPD16_eabi.lib
       memcpy_t2.asm.obj              156    0         0      
       copy_decompress_lzss.c.obj     104    0         0      
       autoinit.c.obj                 68     0         0      
       boot_cortex_m.c.obj            52     0         0      
       copy_zero_init.c.obj           28     0         0      
       copy_decompress_none.c.obj     14     0         0      
       exit.c.obj                     4      0         0      
       pre_init.c.obj                 4      0         0      
    +--+------------------------------+------+---------+---------+
       Total:                         430    0         0      
                                                              
       Stack:                         0      0         512    
       Linker Generated:              0      43        0      
    +--+------------------------------+------+---------+---------+
       Grand Total:                   2446   883       517    


LINKER GENERATED COPY TABLES

__TI_cinit_table @ 00000d00 records: 2, size/record: 8, table size: 16
	.bss: load addr=00000cf0, load size=00000008 bytes, run addr=20000204, run size=00000001 bytes, compression=zero_init
	.data: load addr=00000cf8, load size=00000007 bytes, run addr=20000200, run size=00000004 bytes, compression=lzss


LINKER GENERATED HANDLER TABLE

__TI_handler_table @ 00000ce0 records: 3, size/record: 4, table size: 12
	index: 0, handler: __TI_decompress_lzss
	index: 1, handler: __TI_decompress_none
	index: 2, handler: __TI_zero_init


GLOBAL SYMBOLS: SORTED ALPHABETICALLY BY Name 

address   name                          
-------   ----                          
00000bfd  C$$EXIT                       
00000ba9  CPUcpsie                      
00000ac5  GPIODirModeSet                
00000495  GPIOPadConfigSet              
00000b2d  GPIOPinTypeGPIOOutput         
00000b59  GPIOPinTypeUART               
00000be5  GPIOPinWrite                  
000002d7  InitUART                      
00000869  IntEnable                     
00000b7d  IntMasterEnable               
00000bb5  ResetISR                      
000005c9  SysCtlClockGet                
000006d9  SysCtlClockSet                
00000beb  SysCtlDelay                   
00000a5d  SysCtlPeripheralEnable        
00000a25  SysCtlPeripheralReady         
0000028d  Timer0Config                  
0000038f  Timer0IntHandler              
00000939  TimerConfigure                
00000b8d  TimerEnable                   
00000bf1  TimerIntClear                 
00000bd5  TimerIntEnable                
00000b6b  TimerLoadSet                  
00000bc1  UARTCharGet                   
00000bcb  UARTCharPut                   
00000999  UARTConfigSetExpClk           
00000af1  UARTDisable                   
00000b45  UARTEnable                    
00000bf5  UARTIntClear                  
00000bdd  UARTIntEnable                 
0000040f  UARTIntHandler                
20000200  __STACK_END                   
00000200  __STACK_SIZE                  
20000200  __STACK_TOP                   
00000d00  __TI_CINIT_Base               
00000d10  __TI_CINIT_Limit              
00000ce0  __TI_Handler_Table_Base       
00000cec  __TI_Handler_Table_Limit      
000009e1  __TI_auto_init_nobinit_nopinit
000008d1  __TI_decompress_lzss          
00000b9b  __TI_decompress_none          
ffffffff  __TI_pprof_out_hndl           
ffffffff  __TI_prof_data_size           
ffffffff  __TI_prof_data_start          
00000000  __TI_static_base__            
00000b11  __TI_zero_init_nomemset       
000007cd  __aeabi_memcpy                
000007cd  __aeabi_memcpy4               
000007cd  __aeabi_memcpy8               
ffffffff  __binit__                     
ffffffff  __c_args__                    
UNDEFED   __mpu_init                    
20000000  __stack                       
20000000  __start___llvm_prf_cnts       
20000000  __stop___llvm_prf_cnts        
00000a91  _c_int00_noargs               
UNDEFED   _system_post_cinit            
00000bf9  _system_pre_init              
00000bfd  abort                         
20000201  azul                          
ffffffff  binit                         
20000204  dato                          
20000203  flag                          
00000000  g_pfnVectors                  
0000026d  main                          
000007cd  memcpy                        
20000200  rojo                          
20000202  verde                         


GLOBAL SYMBOLS: SORTED BY Symbol Address 

address   name                          
-------   ----                          
00000000  __TI_static_base__            
00000000  g_pfnVectors                  
00000200  __STACK_SIZE                  
0000026d  main                          
0000028d  Timer0Config                  
000002d7  InitUART                      
0000038f  Timer0IntHandler              
0000040f  UARTIntHandler                
00000495  GPIOPadConfigSet              
000005c9  SysCtlClockGet                
000006d9  SysCtlClockSet                
000007cd  __aeabi_memcpy                
000007cd  __aeabi_memcpy4               
000007cd  __aeabi_memcpy8               
000007cd  memcpy                        
00000869  IntEnable                     
000008d1  __TI_decompress_lzss          
00000939  TimerConfigure                
00000999  UARTConfigSetExpClk           
000009e1  __TI_auto_init_nobinit_nopinit
00000a25  SysCtlPeripheralReady         
00000a5d  SysCtlPeripheralEnable        
00000a91  _c_int00_noargs               
00000ac5  GPIODirModeSet                
00000af1  UARTDisable                   
00000b11  __TI_zero_init_nomemset       
00000b2d  GPIOPinTypeGPIOOutput         
00000b45  UARTEnable                    
00000b59  GPIOPinTypeUART               
00000b6b  TimerLoadSet                  
00000b7d  IntMasterEnable               
00000b8d  TimerEnable                   
00000b9b  __TI_decompress_none          
00000ba9  CPUcpsie                      
00000bb5  ResetISR                      
00000bc1  UARTCharGet                   
00000bcb  UARTCharPut                   
00000bd5  TimerIntEnable                
00000bdd  UARTIntEnable                 
00000be5  GPIOPinWrite                  
00000beb  SysCtlDelay                   
00000bf1  TimerIntClear                 
00000bf5  UARTIntClear                  
00000bf9  _system_pre_init              
00000bfd  C$$EXIT                       
00000bfd  abort                         
00000ce0  __TI_Handler_Table_Base       
00000cec  __TI_Handler_Table_Limit      
00000d00  __TI_CINIT_Base               
00000d10  __TI_CINIT_Limit              
20000000  __stack                       
20000000  __start___llvm_prf_cnts       
20000000  __stop___llvm_prf_cnts        
20000200  __STACK_END                   
20000200  __STACK_TOP                   
20000200  rojo                          
20000201  azul                          
20000202  verde                         
20000203  flag                          
20000204  dato                          
ffffffff  __TI_pprof_out_hndl           
ffffffff  __TI_prof_data_size           
ffffffff  __TI_prof_data_start          
ffffffff  __binit__                     
ffffffff  __c_args__                    
ffffffff  binit                         
UNDEFED   __mpu_init                    
UNDEFED   _system_post_cinit            

[68 symbols]
